{
  "openapi": "3.0.1",
  "info": {
    "title": "DemoPasskeys",
    "version": "1.0"
  },
  "paths": {
    "/api/passkeys/PublicKeyCredentialCreationOptions": {
      "get": {
        "tags": [
          "PasskeysApi"
        ],
        "responses": {
          "200": {
            "description": "Success"
          }
        }
      }
    },
    "/api/passkeys/PublicKeyCredentialRequestOptions": {
      "get": {
        "tags": [
          "PasskeysApi"
        ],
        "responses": {
          "200": {
            "description": "Success"
          }
        }
      }
    },
    "/api/passkeys/UserPasskey": {
      "post": {
        "tags": [
          "PasskeysApi"
        ],
        "requestBody": {
          "content": {
            "application/json": {
              "schema": {
                "$ref": "#/components/schemas/StorePasskeyModel"
              }
            },
            "text/json": {
              "schema": {
                "$ref": "#/components/schemas/StorePasskeyModel"
              }
            },
            "application/*+json": {
              "schema": {
                "$ref": "#/components/schemas/StorePasskeyModel"
              }
            }
          }
        },
        "responses": {
          "200": {
            "description": "Success"
          }
        }
      }
    },
    "/api/passkeys/Verify": {
      "post": {
        "tags": [
          "PasskeysApi"
        ],
        "requestBody": {
          "content": {
            "application/json": {
              "schema": {
                "$ref": "#/components/schemas/VerifyPasskeyModel"
              }
            },
            "text/json": {
              "schema": {
                "$ref": "#/components/schemas/VerifyPasskeyModel"
              }
            },
            "application/*+json": {
              "schema": {
                "$ref": "#/components/schemas/VerifyPasskeyModel"
              }
            }
          }
        },
        "responses": {
          "200": {
            "description": "Success"
          }
        }
      }
    }
  },
  "components": {
    "schemas": {
      "StorePasskeyModel": {
        "type": "object",
        "properties": {
          "id": {
            "type": "string",
            "nullable": true
          },
          "userId": {
            "type": "string",
            "nullable": true
          },
          "publicKey": {
            "type": "string",
            "nullable": true
          },
          "publicKeyAlgorithm": {
            "type": "integer",
            "format": "int32"
          }
        },
        "additionalProperties": false
      },
      "VerifyPasskeyModel": {
        "type": "object",
        "properties": {
          "id": {
            "type": "string",
            "nullable": true
          },
          "authenticatorData": {
            "type": "string",
            "nullable": true
          },
          "clientDataJson": {
            "type": "string",
            "nullable": true
          },
          "signature": {
            "type": "string",
            "nullable": true
          },
          "userHandle": {
            "type": "string",
            "nullable": true
          }
        },
        "additionalProperties": false
      }
    }
  }
}
